MySQL Shell 8.0.44

Copyright (c) 2016, 2025, Oracle and/or its affiliates.
Oracle is a registered trademark of Oracle Corporation and/or its affiliates.
Other names may be trademarks of their respective owners.

Type '\help' or '\?' for help; '\quit' to exit.
 MySQL  JS > \sql
Switching to SQL mode... Commands end with ;
 MySQL  SQL > \connect --mc root@localhost
Creating a Classic session to 'root@localhost'
Fetching global names for auto-completion... Press ^C to stop.
Your MySQL connection id is 9
Server version: 8.0.44 MySQL Community Server - GPL
No default schema selected; type \use <schema> to set one.
 MySQL  localhost:3306 ssl  SQL > \use taller1
Default schema set to `taller1`.
Fetching global names, object names from `taller1` for auto-completion... Press ^C to stop.
 MySQL  localhost:3306 ssl  taller1  SQL > CREATE TABLE Articulos (
                                        ->     item_number VARCHAR(20) PRIMARY KEY,
                                        ->     item_name VARCHAR(100) NOT NULL
                                        -> );
Query OK, 0 rows affected (0.0295 sec)
 MySQL  localhost:3306 ssl  taller1  SQL > CREATE TABLE Articulos(
                                        -> item_number varchar(20) key,
                                        -> item_name Varchar(100) not null);
ERROR: 1050 (42S01): Table 'articulos' already exists
 MySQL  localhost:3306 ssl  taller1  SQL > CREATE TABLE Articulo( item_number varchar(20) key, item_name Varchar(100) not null);
Query OK, 0 rows affected (0.0189 sec)
 MySQL  localhost:3306 ssl  taller1  SQL > CREATE TABLE Ordenes(
                                        -> so_number INT key,
                                        -> cust_code varchar(10)
                                        -> foreign key (cust_code) REFERENCES Clientes (cust_code));
ERROR: 1064 (42000): You have an error in your SQL syntax; check the manual that corresponds to your MySQL server version for the right syntax to use near 'foreign key (cust_code) REFERENCES Clientes (cust_code))' at line 4
 MySQL  localhost:3306 ssl  taller1  SQL > CREATE TABLE Ordenes (
                                        ->     so_number INT PRIMARY KEY,
                                        ->     cust_code VARCHAR(10),
                                        ->     FOREIGN KEY (cust_code) REFERENCES Clientes(cust_code)
                                        -> );
ERROR: 1824 (HY000): Failed to open the referenced table 'clientes'
 MySQL  localhost:3306 ssl  taller1  SQL > CREATE TABLE Ordenes (     so_number INT PRIMARY KEY,     cust_code VARCHAR(10),     FOREIGN KEY (cust_code) REFERENCES Clientes(custCREATE TABLE Clientes (_code) );
ERROR: 1064 (42000): You have an error in your SQL syntax; check the manual that corresponds to your MySQL server version for the right syntax to use near 'TABLE Clientes (_code) )' at line 1
 MySQL  localhost:3306 ssl  taller1  SQL >     cust_code VARCHAR(10) PRIMARY KEY,
                                        ->     cust_name VARCHAR(100) NOT NULL
                                        -> );
ERROR: 1064 (42000): You have an error in your SQL syntax; check the manual that corresponds to your MySQL server version for the right syntax to use near 'cust_code VARCHAR(10) PRIMARY KEY,
    cust_name VARCHAR(100) NOT NULL
)' at line 1
 MySQL  localhost:3306 ssl  taller1  SQL > CREATE TABLE Clientes (
                                        ->     cust_code VARCHAR(10) PRIMARY KEY,
                                        ->     cust_name VARCHAR(100) NOT NULL
                                        -> );
Query OK, 0 rows affected (0.0360 sec)
 MySQL  localhost:3306 ssl  taller1  SQL > CREATE TABLE Ordenes (     so_number INT PRIMARY KEY,     cust_code VARCHAR(10),     FOREIGN KEY (cust_code) REFERENCES Clientes(custCREATE TABLE Clientes (_code) );
ERROR: 1064 (42000): You have an error in your SQL syntax; check the manual that corresponds to your MySQL server version for the right syntax to use near 'TABLE Clientes (_code) )' at line 1
 MySQL  localhost:3306 ssl  taller1  SQL > CREATE TABLE Ordenes (     so_number INT PRIMARY KEY,     cust_code VARCHAR(10),     FOREIGN KEY (cust_code) REFERENCES Clientes(cust_code));;
Query OK, 0 rows affected (0.0700 sec)
ERROR: 1065 (42000): Query was empty
 MySQL  localhost:3306 ssl  taller1  SQL > CREATE TABLE Detalle_Orden(
                                        -> so_number INT,
                                        -> item_number varchar(20),
                                        -> qty_ordered INT NOT NULL,
                                        -> KEY (so_number, item_number),
                                        -> FOREIGN KEY (so_number) REFERENCES Ordenes(so_number),
                                        -> FOREIGN KEY (item_number) REFERENCES(item_number));
ERROR: 1064 (42000): You have an error in your SQL syntax; check the manual that corresponds to your MySQL server version for the right syntax to use near '(item_number))' at line 7
 MySQL  localhost:3306 ssl  taller1  SQL > CREATE TABLE Detalle_Orden (
                                        ->     so_number INT,
                                        ->     item_number VARCHAR(20),
                                        ->     qty_ordered INT NOT NULL,
                                        ->     PRIMARY KEY (so_number, item_number),
                                        ->     FOREIGN KEY (so_number) REFERENCES Ordenes(so_number),
                                        ->     FOREIGN KEY (item_number) REFERENCES Articulos(item_number)
                                        -> );
Query OK, 0 rows affected (0.0609 sec)
 MySQL  localhost:3306 ssl  taller1  SQL > INSERT INTO Clientes (cust_code, cust_name) VALUES
                                        -> ('WHEEL', 'Wheelaway Cycle Center'),
                                        -> ('ETC', 'Bikes Et Cetera'),
                                        -> ('IBS', 'Inter. Bicycle Sales');
Query OK, 3 rows affected (0.0276 sec)

Records: 3  Duplicates: 0  Warnings: 0
 MySQL  localhost:3306 ssl  taller1  SQL > INSERT INTO Articulos (item_number, item_name) VALUES
                                        -> ('2010-0050', 'Formed Handlebar'),
                                        -> ('1000-1', '20 in. Bicycle'),
                                        -> ('1002-1', '24 in. Bicycle'),
                                        -> ('1001-1', '26 in. Bicycle'),
                                        -> ('1003-1', '20 in. Bicycle'),
                                        -> ('3961-1041', 'Tire Tube, 26 in.'),
                                        -> ('3965-1050', 'Spoke Reflector');
Query OK, 7 rows affected (0.0047 sec)

Records: 7  Duplicates: 0  Warnings: 0
 MySQL  localhost:3306 ssl  taller1  SQL > INSERT INTO Ordenes (so_number, cust_code) VALUES
                                        -> (1010, 'WHEEL'),
                                        -> (1011, 'ETC'),
                                        -> (1012, 'WHEEL'),
                                        -> (1013, 'IBS'),
                                        -> (1014, 'ETC'),
                                        -> (1015, 'WHEEL'),
                                        -> (1016, 'ETC');
Query OK, 7 rows affected (0.0064 sec)

Records: 7  Duplicates: 0  Warnings: 0
 MySQL  localhost:3306 ssl  taller1  SQL > INSERT INTO Detalle_Orden (so_number, item_number, qty_ordered) VALUES
                                        -> (1010, '2010-0050', 2),
                                        -> (1010, '1000-1', 5),
                                        -> (1011, '1002-1', 5),
                                        -> (1011, '1001-1', 10),
                                        -> (1012, '1003-1', 5),
                                        -> (1012, '1001-1', 10),
                                        -> (1013, '1001-1', 50),
                                        -> (1014, '1003-1', 25),
                                        -> (1015, '1003-1', 25),
                                        -> (1016, '3961-1041', 5),
                                        -> (1016, '3965-1050', 50),
                                        -> (1016, '1003-1', 5),
                                        -> (1016, '1000-1', 4);
Query OK, 13 rows affected (0.0052 sec)

Records: 13  Duplicates: 0  Warnings: 0
 MySQL  localhost:3306 ssl  taller1  SQL > SELECT * FROM Clientes;
+-----------+------------------------+
| cust_code | cust_name              |
+-----------+------------------------+
| ETC       | Bikes Et Cetera        |
| IBS       | Inter. Bicycle Sales   |
| WHEEL     | Wheelaway Cycle Center |
+-----------+------------------------+
3 rows in set (0.0008 sec)
 MySQL  localhost:3306 ssl  taller1  SQL > SELECT * FROM Articulos;
+-------------+-------------------+
| item_number | item_name         |
+-------------+-------------------+
| 1000-1      | 20 in. Bicycle    |
| 1001-1      | 26 in. Bicycle    |
| 1002-1      | 24 in. Bicycle    |
| 1003-1      | 20 in. Bicycle    |
| 2010-0050   | Formed Handlebar  |
| 3961-1041   | Tire Tube, 26 in. |
| 3965-1050   | Spoke Reflector   |
+-------------+-------------------+
7 rows in set (0.0016 sec)
 MySQL  localhost:3306 ssl  taller1  SQL > SELECT * FROM Ordenes;
+-----------+-----------+
| so_number | cust_code |
+-----------+-----------+
|      1011 | ETC       |
|      1014 | ETC       |
|      1016 | ETC       |
|      1013 | IBS       |
|      1010 | WHEEL     |
|      1012 | WHEEL     |
|      1015 | WHEEL     |
+-----------+-----------+
7 rows in set (0.0006 sec)
 MySQL  localhost:3306 ssl  taller1  SQL > SELECT * FROM Detalle_Orden;
+-----------+-------------+-------------+
| so_number | item_number | qty_ordered |
+-----------+-------------+-------------+
|      1010 | 1000-1      |           5 |
|      1010 | 2010-0050   |           2 |
|      1011 | 1001-1      |          10 |
|      1011 | 1002-1      |           5 |
|      1012 | 1001-1      |          10 |
|      1012 | 1003-1      |           5 |
|      1013 | 1001-1      |          50 |
|      1014 | 1003-1      |          25 |
|      1015 | 1003-1      |          25 |
|      1016 | 1000-1      |           4 |
|      1016 | 1003-1      |           5 |
|      1016 | 3961-1041   |           5 |
|      1016 | 3965-1050   |          50 |
+-----------+-------------+-------------+
13 rows in set (0.0008 sec)
 MySQL  localhost:3306 ssl  taller1  SQL >
